// Jest Snapshot v1, https://goo.gl/fbAQLP

exports[`Content should render 1`] = `
<Content>
  <div>
    Hello World
  </div>
</Content>
`;
