// Jest Snapshot v1, https://goo.gl/fbAQLP

exports[`Box should render as a component 1`] = `
<div
  className="sc-AykKC bdhmIh"
/>
`;
